--- Loading and Preprocessing Data ---
Data loaded successfully.

--- Performing evaluation over 10 random splits ---
/home/sat/miniforge3/envs/py310hl_gaps_pub/lib/python3.10/site-packages/numpy/lib/function_base.py:522: RuntimeWarning: overflow encountered in cast
  scl = avg_as_array.dtype.type(a.size/avg_as_array.size)
/home/sat/miniforge3/envs/py310hl_gaps_pub/lib/python3.10/site-packages/numpy/lib/function_base.py:522: RuntimeWarning: overflow encountered in cast
  scl = avg_as_array.dtype.type(a.size/avg_as_array.size)
/home/sat/miniforge3/envs/py310hl_gaps_pub/lib/python3.10/site-packages/numpy/lib/function_base.py:522: RuntimeWarning: overflow encountered in cast
  scl = avg_as_array.dtype.type(a.size/avg_as_array.size)
/home/sat/miniforge3/envs/py310hl_gaps_pub/lib/python3.10/site-packages/numpy/lib/function_base.py:522: RuntimeWarning: overflow encountered in cast
  scl = avg_as_array.dtype.type(a.size/avg_as_array.size)
/home/sat/miniforge3/envs/py310hl_gaps_pub/lib/python3.10/site-packages/numpy/lib/function_base.py:522: RuntimeWarning: overflow encountered in cast
  scl = avg_as_array.dtype.type(a.size/avg_as_array.size)
/home/sat/miniforge3/envs/py310hl_gaps_pub/lib/python3.10/site-packages/numpy/lib/function_base.py:522: RuntimeWarning: overflow encountered in cast
  scl = avg_as_array.dtype.type(a.size/avg_as_array.size)
/home/sat/miniforge3/envs/py310hl_gaps_pub/lib/python3.10/site-packages/numpy/lib/function_base.py:522: RuntimeWarning: overflow encountered in cast
  scl = avg_as_array.dtype.type(a.size/avg_as_array.size)
/home/sat/miniforge3/envs/py310hl_gaps_pub/lib/python3.10/site-packages/numpy/lib/function_base.py:522: RuntimeWarning: overflow encountered in cast
  scl = avg_as_array.dtype.type(a.size/avg_as_array.size)
/home/sat/miniforge3/envs/py310hl_gaps_pub/lib/python3.10/site-packages/numpy/lib/function_base.py:522: RuntimeWarning: overflow encountered in cast
  scl = avg_as_array.dtype.type(a.size/avg_as_array.size)
/home/sat/miniforge3/envs/py310hl_gaps_pub/lib/python3.10/site-packages/numpy/lib/function_base.py:522: RuntimeWarning: overflow encountered in cast
  scl = avg_as_array.dtype.type(a.size/avg_as_array.size)
/home/sat/miniforge3/envs/py310hl_gaps_pub/lib/python3.10/site-packages/numpy/lib/function_base.py:522: RuntimeWarning: overflow encountered in cast
  scl = avg_as_array.dtype.type(a.size/avg_as_array.size)
/home/sat/miniforge3/envs/py310hl_gaps_pub/lib/python3.10/site-packages/numpy/lib/function_base.py:522: RuntimeWarning: overflow encountered in cast
  scl = avg_as_array.dtype.type(a.size/avg_as_array.size)
/home/sat/miniforge3/envs/py310hl_gaps_pub/lib/python3.10/site-packages/numpy/lib/function_base.py:522: RuntimeWarning: overflow encountered in cast
  scl = avg_as_array.dtype.type(a.size/avg_as_array.size)
/home/sat/miniforge3/envs/py310hl_gaps_pub/lib/python3.10/site-packages/numpy/lib/function_base.py:522: RuntimeWarning: overflow encountered in cast
  scl = avg_as_array.dtype.type(a.size/avg_as_array.size)
/home/sat/miniforge3/envs/py310hl_gaps_pub/lib/python3.10/site-packages/numpy/lib/function_base.py:522: RuntimeWarning: overflow encountered in cast
  scl = avg_as_array.dtype.type(a.size/avg_as_array.size)
/home/sat/miniforge3/envs/py310hl_gaps_pub/lib/python3.10/site-packages/numpy/lib/function_base.py:522: RuntimeWarning: overflow encountered in cast
  scl = avg_as_array.dtype.type(a.size/avg_as_array.size)
/home/sat/miniforge3/envs/py310hl_gaps_pub/lib/python3.10/site-packages/numpy/lib/function_base.py:522: RuntimeWarning: overflow encountered in cast
  scl = avg_as_array.dtype.type(a.size/avg_as_array.size)
/home/sat/miniforge3/envs/py310hl_gaps_pub/lib/python3.10/site-packages/numpy/lib/function_base.py:522: RuntimeWarning: overflow encountered in cast
  scl = avg_as_array.dtype.type(a.size/avg_as_array.size)
/home/sat/miniforge3/envs/py310hl_gaps_pub/lib/python3.10/site-packages/numpy/lib/function_base.py:522: RuntimeWarning: overflow encountered in cast
  scl = avg_as_array.dtype.type(a.size/avg_as_array.size)
/home/sat/miniforge3/envs/py310hl_gaps_pub/lib/python3.10/site-packages/numpy/lib/function_base.py:522: RuntimeWarning: overflow encountered in cast
  scl = avg_as_array.dtype.type(a.size/avg_as_array.size)
Running split 1/10...
--> Split 1 completed in 622.74 seconds.
Running split 2/10...
--> Split 2 completed in 580.28 seconds.
Running split 3/10...
--> Split 3 completed in 442.85 seconds.
Running split 4/10...
--> Split 4 completed in 544.24 seconds.
Running split 5/10...
--> Split 5 completed in 616.42 seconds.
Running split 6/10...
--> Split 6 completed in 684.99 seconds.
Running split 7/10...
--> Split 7 completed in 697.03 seconds.
Running split 8/10...
--> Split 8 completed in 467.65 seconds.
Running split 9/10...
--> Split 9 completed in 594.87 seconds.
Running split 10/10...
--> Split 10 completed in 733.66 seconds.

Evaluation complete.

--- Aggregated Performance Metrics (mean +/- std) ---

--- Training Set Performance ---
R2: 0.9688 +/- 0.0009
MSE: 0.0519 +/- 0.0017
MAE: 0.1686 +/- 0.0025
RMSE: 0.2279 +/- 0.0037

--- Test Set Performance ---
R2: 0.9470 +/- 0.0008
MSE: 0.0886 +/- 0.0010
MAE: 0.2099 +/- 0.0012
RMSE: 0.2976 +/- 0.0016

--- Overfitting Analysis (Train R2 - Test R2) ---
Mean R2 Difference: 0.0217 +/- 0.0009

--- Creating and Saving Results DataFrame ---

Results DataFrame successfully saved to (pickle):
../../data/processed/mlpr_evaluation_metrics_summary.pkl
Results DataFrame successfully saved to (csv):
../../data/processed/mlp_evaluation_metrics_summary.csv

--- Final Metrics Summary ---
               Train_Mean  Train_Std  Test_Mean  Test_Std
R2               0.968755   0.000927   0.947042  0.000789
MSE              0.051942   0.001688   0.088571  0.000969
MAE              0.168608   0.002479   0.209923  0.001235
RMSE             0.227882   0.003695   0.297605  0.001628
R2_Difference    0.021714   0.000934        NaN       NaN
