/home/sat/miniforge3/envs/py310hl_gaps_pub/lib/python3.10/site-packages/numpy/lib/function_base.py:522: RuntimeWarning: overflow encountered in cast
  scl = avg_as_array.dtype.type(a.size/avg_as_array.size)
/home/sat/miniforge3/envs/py310hl_gaps_pub/lib/python3.10/site-packages/numpy/lib/function_base.py:522: RuntimeWarning: overflow encountered in cast
  scl = avg_as_array.dtype.type(a.size/avg_as_array.size)
/home/sat/miniforge3/envs/py310hl_gaps_pub/lib/python3.10/site-packages/numpy/lib/function_base.py:522: RuntimeWarning: overflow encountered in cast
  scl = avg_as_array.dtype.type(a.size/avg_as_array.size)
/home/sat/miniforge3/envs/py310hl_gaps_pub/lib/python3.10/site-packages/numpy/lib/function_base.py:522: RuntimeWarning: overflow encountered in cast
  scl = avg_as_array.dtype.type(a.size/avg_as_array.size)
/home/sat/miniforge3/envs/py310hl_gaps_pub/lib/python3.10/site-packages/numpy/lib/function_base.py:522: RuntimeWarning: overflow encountered in cast
  scl = avg_as_array.dtype.type(a.size/avg_as_array.size)
/home/sat/miniforge3/envs/py310hl_gaps_pub/lib/python3.10/site-packages/numpy/lib/function_base.py:522: RuntimeWarning: overflow encountered in cast
  scl = avg_as_array.dtype.type(a.size/avg_as_array.size)
/home/sat/miniforge3/envs/py310hl_gaps_pub/lib/python3.10/site-packages/numpy/lib/function_base.py:522: RuntimeWarning: overflow encountered in cast
  scl = avg_as_array.dtype.type(a.size/avg_as_array.size)
/home/sat/miniforge3/envs/py310hl_gaps_pub/lib/python3.10/site-packages/numpy/lib/function_base.py:522: RuntimeWarning: overflow encountered in cast
  scl = avg_as_array.dtype.type(a.size/avg_as_array.size)
/home/sat/miniforge3/envs/py310hl_gaps_pub/lib/python3.10/site-packages/numpy/lib/function_base.py:522: RuntimeWarning: overflow encountered in cast
  scl = avg_as_array.dtype.type(a.size/avg_as_array.size)
/home/sat/miniforge3/envs/py310hl_gaps_pub/lib/python3.10/site-packages/numpy/lib/function_base.py:522: RuntimeWarning: overflow encountered in cast
  scl = avg_as_array.dtype.type(a.size/avg_as_array.size)
/home/sat/miniforge3/envs/py310hl_gaps_pub/lib/python3.10/site-packages/numpy/lib/function_base.py:522: RuntimeWarning: overflow encountered in cast
  scl = avg_as_array.dtype.type(a.size/avg_as_array.size)
/home/sat/miniforge3/envs/py310hl_gaps_pub/lib/python3.10/site-packages/numpy/lib/function_base.py:522: RuntimeWarning: overflow encountered in cast
  scl = avg_as_array.dtype.type(a.size/avg_as_array.size)
/home/sat/miniforge3/envs/py310hl_gaps_pub/lib/python3.10/site-packages/numpy/lib/function_base.py:522: RuntimeWarning: overflow encountered in cast
  scl = avg_as_array.dtype.type(a.size/avg_as_array.size)
/home/sat/miniforge3/envs/py310hl_gaps_pub/lib/python3.10/site-packages/numpy/lib/function_base.py:522: RuntimeWarning: overflow encountered in cast
  scl = avg_as_array.dtype.type(a.size/avg_as_array.size)
/home/sat/miniforge3/envs/py310hl_gaps_pub/lib/python3.10/site-packages/numpy/lib/function_base.py:522: RuntimeWarning: overflow encountered in cast
  scl = avg_as_array.dtype.type(a.size/avg_as_array.size)
/home/sat/miniforge3/envs/py310hl_gaps_pub/lib/python3.10/site-packages/numpy/lib/function_base.py:522: RuntimeWarning: overflow encountered in cast
  scl = avg_as_array.dtype.type(a.size/avg_as_array.size)
/home/sat/miniforge3/envs/py310hl_gaps_pub/lib/python3.10/site-packages/numpy/lib/function_base.py:522: RuntimeWarning: overflow encountered in cast
  scl = avg_as_array.dtype.type(a.size/avg_as_array.size)
/home/sat/miniforge3/envs/py310hl_gaps_pub/lib/python3.10/site-packages/numpy/lib/function_base.py:522: RuntimeWarning: overflow encountered in cast
  scl = avg_as_array.dtype.type(a.size/avg_as_array.size)
/home/sat/miniforge3/envs/py310hl_gaps_pub/lib/python3.10/site-packages/numpy/lib/function_base.py:522: RuntimeWarning: overflow encountered in cast
  scl = avg_as_array.dtype.type(a.size/avg_as_array.size)
/home/sat/miniforge3/envs/py310hl_gaps_pub/lib/python3.10/site-packages/numpy/lib/function_base.py:522: RuntimeWarning: overflow encountered in cast
  scl = avg_as_array.dtype.type(a.size/avg_as_array.size)
--- Loading and Preprocessing Data ---
Data loaded successfully.

--- Performing evaluation over 10 random splits ---
Running split 1/10...
--> Split 1 completed in 8267.59 seconds.
Running split 2/10...
--> Split 2 completed in 8084.99 seconds.
Running split 3/10...
--> Split 3 completed in 8030.94 seconds.
Running split 4/10...
--> Split 4 completed in 8068.41 seconds.
Running split 5/10...
--> Split 5 completed in 8088.04 seconds.
Running split 6/10...
--> Split 6 completed in 8060.30 seconds.
Running split 7/10...
--> Split 7 completed in 8143.32 seconds.
Running split 8/10...
--> Split 8 completed in 8045.75 seconds.
Running split 9/10...
--> Split 9 completed in 8102.54 seconds.
Running split 10/10...
--> Split 10 completed in 8054.46 seconds.

Evaluation complete.

--- Aggregated Performance Metrics (mean +/- std) ---

--- Training Set Performance ---
R2: 0.9917 +/- 0.0001
MSE: 0.0138 +/- 0.0001
MAE: 0.0905 +/- 0.0002
RMSE: 0.1173 +/- 0.0003

--- Test Set Performance ---
R2: 0.9562 +/- 0.0006
MSE: 0.0732 +/- 0.0007
MAE: 0.1865 +/- 0.0005
RMSE: 0.2706 +/- 0.0013

--- Overfitting Analysis (Train R2 - Test R2) ---
Mean R2 Difference: 0.0355 +/- 0.0006

--- Creating and Saving Results DataFrame ---

Results DataFrame successfully saved to (pickle):
../../data/processed/gbr_evaluation_metrics_summary.pkl
Results DataFrame successfully saved to (csv):
../../data/processed/gbr_evaluation_metrics_summary.csv

--- Final Metrics Summary ---
               Train_Mean  Train_Std  Test_Mean  Test_Std
R2               0.991719   0.000059   0.956213  0.000628
MSE              0.013766   0.000078   0.073232  0.000691
MAE              0.090467   0.000232   0.186453  0.000523
RMSE             0.117328   0.000332   0.270612  0.001278
R2_Difference    0.035506   0.000648        NaN       NaN
