--- Loading and Preprocessing Data ---
Data loaded successfully.

--- Performing evaluation over 10 random splits ---
/home/sat/miniforge3/envs/py310hl_gaps_pub/lib/python3.10/site-packages/numpy/lib/function_base.py:522: RuntimeWarning: overflow encountered in cast
  scl = avg_as_array.dtype.type(a.size/avg_as_array.size)
/home/sat/miniforge3/envs/py310hl_gaps_pub/lib/python3.10/site-packages/numpy/lib/function_base.py:522: RuntimeWarning: overflow encountered in cast
  scl = avg_as_array.dtype.type(a.size/avg_as_array.size)
/home/sat/miniforge3/envs/py310hl_gaps_pub/lib/python3.10/site-packages/numpy/lib/function_base.py:522: RuntimeWarning: overflow encountered in cast
  scl = avg_as_array.dtype.type(a.size/avg_as_array.size)
/home/sat/miniforge3/envs/py310hl_gaps_pub/lib/python3.10/site-packages/numpy/lib/function_base.py:522: RuntimeWarning: overflow encountered in cast
  scl = avg_as_array.dtype.type(a.size/avg_as_array.size)
/home/sat/miniforge3/envs/py310hl_gaps_pub/lib/python3.10/site-packages/numpy/lib/function_base.py:522: RuntimeWarning: overflow encountered in cast
  scl = avg_as_array.dtype.type(a.size/avg_as_array.size)
/home/sat/miniforge3/envs/py310hl_gaps_pub/lib/python3.10/site-packages/numpy/lib/function_base.py:522: RuntimeWarning: overflow encountered in cast
  scl = avg_as_array.dtype.type(a.size/avg_as_array.size)
/home/sat/miniforge3/envs/py310hl_gaps_pub/lib/python3.10/site-packages/numpy/lib/function_base.py:522: RuntimeWarning: overflow encountered in cast
  scl = avg_as_array.dtype.type(a.size/avg_as_array.size)
/home/sat/miniforge3/envs/py310hl_gaps_pub/lib/python3.10/site-packages/numpy/lib/function_base.py:522: RuntimeWarning: overflow encountered in cast
  scl = avg_as_array.dtype.type(a.size/avg_as_array.size)
/home/sat/miniforge3/envs/py310hl_gaps_pub/lib/python3.10/site-packages/numpy/lib/function_base.py:522: RuntimeWarning: overflow encountered in cast
  scl = avg_as_array.dtype.type(a.size/avg_as_array.size)
/home/sat/miniforge3/envs/py310hl_gaps_pub/lib/python3.10/site-packages/numpy/lib/function_base.py:522: RuntimeWarning: overflow encountered in cast
  scl = avg_as_array.dtype.type(a.size/avg_as_array.size)
/home/sat/miniforge3/envs/py310hl_gaps_pub/lib/python3.10/site-packages/numpy/lib/function_base.py:522: RuntimeWarning: overflow encountered in cast
  scl = avg_as_array.dtype.type(a.size/avg_as_array.size)
/home/sat/miniforge3/envs/py310hl_gaps_pub/lib/python3.10/site-packages/numpy/lib/function_base.py:522: RuntimeWarning: overflow encountered in cast
  scl = avg_as_array.dtype.type(a.size/avg_as_array.size)
/home/sat/miniforge3/envs/py310hl_gaps_pub/lib/python3.10/site-packages/numpy/lib/function_base.py:522: RuntimeWarning: overflow encountered in cast
  scl = avg_as_array.dtype.type(a.size/avg_as_array.size)
/home/sat/miniforge3/envs/py310hl_gaps_pub/lib/python3.10/site-packages/numpy/lib/function_base.py:522: RuntimeWarning: overflow encountered in cast
  scl = avg_as_array.dtype.type(a.size/avg_as_array.size)
/home/sat/miniforge3/envs/py310hl_gaps_pub/lib/python3.10/site-packages/numpy/lib/function_base.py:522: RuntimeWarning: overflow encountered in cast
  scl = avg_as_array.dtype.type(a.size/avg_as_array.size)
/home/sat/miniforge3/envs/py310hl_gaps_pub/lib/python3.10/site-packages/numpy/lib/function_base.py:522: RuntimeWarning: overflow encountered in cast
  scl = avg_as_array.dtype.type(a.size/avg_as_array.size)
/home/sat/miniforge3/envs/py310hl_gaps_pub/lib/python3.10/site-packages/numpy/lib/function_base.py:522: RuntimeWarning: overflow encountered in cast
  scl = avg_as_array.dtype.type(a.size/avg_as_array.size)
/home/sat/miniforge3/envs/py310hl_gaps_pub/lib/python3.10/site-packages/numpy/lib/function_base.py:522: RuntimeWarning: overflow encountered in cast
  scl = avg_as_array.dtype.type(a.size/avg_as_array.size)
/home/sat/miniforge3/envs/py310hl_gaps_pub/lib/python3.10/site-packages/numpy/lib/function_base.py:522: RuntimeWarning: overflow encountered in cast
  scl = avg_as_array.dtype.type(a.size/avg_as_array.size)
/home/sat/miniforge3/envs/py310hl_gaps_pub/lib/python3.10/site-packages/numpy/lib/function_base.py:522: RuntimeWarning: overflow encountered in cast
  scl = avg_as_array.dtype.type(a.size/avg_as_array.size)
Running split 1/10...
--> Split 1 completed in 8201.07 seconds.
Running split 2/10...
--> Split 2 completed in 8194.38 seconds.
Running split 3/10...
--> Split 3 completed in 8146.63 seconds.
Running split 4/10...
--> Split 4 completed in 8274.15 seconds.
Running split 5/10...
--> Split 5 completed in 8192.80 seconds.
Running split 6/10...
--> Split 6 completed in 8197.63 seconds.
Running split 7/10...
--> Split 7 completed in 8135.94 seconds.
Running split 8/10...
--> Split 8 completed in 8245.03 seconds.
Running split 9/10...
--> Split 9 completed in 8146.56 seconds.
Running split 10/10...
--> Split 10 completed in 8138.78 seconds.

Evaluation complete.

--- Aggregated Performance Metrics (mean +/- std) ---

--- Training Set Performance ---
R2: 0.9917 +/- 0.0001
MSE: 0.0138 +/- 0.0002
MAE: 0.0904 +/- 0.0006
RMSE: 0.1173 +/- 0.0008

--- Test Set Performance ---
R2: 0.9562 +/- 0.0007
MSE: 0.0732 +/- 0.0007
MAE: 0.1864 +/- 0.0005
RMSE: 0.2706 +/- 0.0012

--- Overfitting Analysis (Train R2 - Test R2) ---
Mean R2 Difference: 0.0355 +/- 0.0007

--- Creating and Saving Results DataFrame ---

Results DataFrame successfully saved to (pickle):
../../data/processed/gbr_evaluation_metrics_summary.pkl
Results DataFrame successfully saved to (csv):
../../data/processed/gbr_evaluation_metrics_summary.csv

--- Final Metrics Summary ---
               Train_Mean  Train_Std  Test_Mean  Test_Std
R2               0.991728   0.000113   0.956205  0.000665
MSE              0.013751   0.000192   0.073244  0.000672
MAE              0.090405   0.000591   0.186423  0.000474
RMSE             0.117264   0.000819   0.270633  0.001243
R2_Difference    0.035522   0.000716        NaN       NaN
